// Jest Snapshot v1, https://goo.gl/fbAQLP

exports[`Testea render de página de añadir gastos. 1`] = `
<div>
  <h1>
    Añadir Gasto
  </h1>
  <ExpenseForm
    onSubmit={[Function]}
  />
</div>
`;
