// Jest Snapshot v1, https://goo.gl/fbAQLP

exports[`Testea render de p√°gina de editar gastos. 1`] = `
<div>
  <ExpenseForm
    onSubmit={[Function]}
  />
  <button
    onClick={[Function]}
  >
    Borrar
  </button>
</div>
`;
