// Jest Snapshot v1, https://goo.gl/fbAQLP

exports[`Renderiza Header 1`] = `
<header>
  <h1>
    Control de Gastos
  </h1>
  <NavLink
    activeClassName="is-active"
    ariaCurrent="true"
    to="/dashboard"
  >
    Dashboard
  </NavLink>
  <NavLink
    activeClassName="is-active"
    ariaCurrent="true"
    to="/create"
  >
    Añadir Gasto
  </NavLink>
  <button
    onClick={[Function]}
  >
    Cerrar Sesión
  </button>
</header>
`;
