// Jest Snapshot v1, https://goo.gl/fbAQLP

exports[`Renderiza Login 1`] = `
<div>
  <button>
    Iniciar Sesi√≥n
  </button>
</div>
`;
